[  216105ms] [ERROR] Failed to load resource: net::ERR_CONNECTION_REFUSED @ http://localhost:8188/tiny-model-manager/api/download/status:0
[  216121ms] [ERROR] Failed to load resource: net::ERR_CONNECTION_REFUSED @ http://localhost:8188/tiny-model-manager/api/reorganize/pending:0
[  218103ms] [ERROR] Failed to load resource: net::ERR_CONNECTION_REFUSED @ http://localhost:8188/tiny-model-manager/api/download/status:0
[  218119ms] [ERROR] Failed to load resource: net::ERR_CONNECTION_REFUSED @ http://localhost:8188/tiny-model-manager/api/reorganize/pending:0
[  220102ms] [ERROR] Failed to load resource: net::ERR_CONNECTION_REFUSED @ http://localhost:8188/tiny-model-manager/api/notifications:0
[  220102ms] [ERROR] Failed to load resource: net::ERR_CONNECTION_REFUSED @ http://localhost:8188/tiny-model-manager/api/download/status:0
[  220103ms] [ERROR] ERROR vs @ http://localhost:8188/tiny-model-manager/main-4IOMEIGU.js:3
[  220119ms] [ERROR] Failed to load resource: net::ERR_CONNECTION_REFUSED @ http://localhost:8188/tiny-model-manager/api/reorganize/pending:0
[  578083ms] [ERROR] Failed to load resource: net::ERR_CONNECTION_REFUSED @ http://localhost:8188/tiny-model-manager/api/download/status:0
[  578098ms] [ERROR] Failed to load resource: net::ERR_CONNECTION_REFUSED @ http://localhost:8188/tiny-model-manager/api/reorganize/pending:0
[  580083ms] [ERROR] Failed to load resource: net::ERR_CONNECTION_REFUSED @ http://localhost:8188/tiny-model-manager/api/download/status:0
[  580098ms] [ERROR] Failed to load resource: net::ERR_CONNECTION_REFUSED @ http://localhost:8188/tiny-model-manager/api/reorganize/pending:0
[ 4179919ms] [ERROR] Failed to load resource: net::ERR_CONNECTION_REFUSED @ http://localhost:8188/tiny-model-manager/api/download/status:0
[ 4179930ms] [ERROR] Failed to load resource: net::ERR_CONNECTION_REFUSED @ http://localhost:8188/tiny-model-manager/api/reorganize/pending:0
[ 4181914ms] [ERROR] Failed to load resource: net::ERR_CONNECTION_REFUSED @ http://localhost:8188/tiny-model-manager/api/download/status:0
[ 4181930ms] [ERROR] Failed to load resource: net::ERR_CONNECTION_REFUSED @ http://localhost:8188/tiny-model-manager/api/reorganize/pending:0
[ 4183914ms] [ERROR] Failed to load resource: net::ERR_CONNECTION_REFUSED @ http://localhost:8188/tiny-model-manager/api/download/status:0
[ 4183930ms] [ERROR] Failed to load resource: net::ERR_CONNECTION_REFUSED @ http://localhost:8188/tiny-model-manager/api/reorganize/pending:0
[ 4185914ms] [ERROR] Failed to load resource: net::ERR_CONNECTION_REFUSED @ http://localhost:8188/tiny-model-manager/api/download/status:0
[ 4185930ms] [ERROR] Failed to load resource: net::ERR_CONNECTION_REFUSED @ http://localhost:8188/tiny-model-manager/api/reorganize/pending:0
[ 4187914ms] [ERROR] Failed to load resource: net::ERR_CONNECTION_REFUSED @ http://localhost:8188/tiny-model-manager/api/download/status:0
[ 4187930ms] [ERROR] Failed to load resource: net::ERR_CONNECTION_REFUSED @ http://localhost:8188/tiny-model-manager/api/reorganize/pending:0
[ 4519699ms] [ERROR] Failed to load resource: net::ERR_CONNECTION_REFUSED @ http://localhost:8188/tiny-model-manager/api/download/status:0
[ 4519715ms] [ERROR] Failed to load resource: net::ERR_CONNECTION_REFUSED @ http://localhost:8188/tiny-model-manager/api/reorganize/pending:0
[ 4521699ms] [ERROR] Failed to load resource: net::ERR_CONNECTION_REFUSED @ http://localhost:8188/tiny-model-manager/api/download/status:0
[ 4521715ms] [ERROR] Failed to load resource: net::ERR_CONNECTION_REFUSED @ http://localhost:8188/tiny-model-manager/api/reorganize/pending:0
[ 4761043ms] [ERROR] Failed to load resource: net::ERR_CONNECTION_TIMED_OUT @ http://localhost:8188/tiny-model-manager/api/download/status:0
[ 4761044ms] [ERROR] Failed to load resource: net::ERR_CONNECTION_TIMED_OUT @ http://localhost:8188/tiny-model-manager/api/reorganize/pending:0
[ 4763091ms] [ERROR] Failed to load resource: net::ERR_CONNECTION_TIMED_OUT @ http://localhost:8188/tiny-model-manager/api/download/status:0
[ 4763091ms] [ERROR] Failed to load resource: net::ERR_CONNECTION_TIMED_OUT @ http://localhost:8188/tiny-model-manager/api/reorganize/pending:0
[ 4765139ms] [ERROR] Failed to load resource: net::ERR_CONNECTION_TIMED_OUT @ http://localhost:8188/tiny-model-manager/api/download/status:0
[ 4765139ms] [ERROR] Failed to load resource: net::ERR_CONNECTION_TIMED_OUT @ http://localhost:8188/tiny-model-manager/api/reorganize/pending:0
[ 4896203ms] [ERROR] Failed to load resource: net::ERR_CONNECTION_TIMED_OUT @ http://localhost:8188/tiny-model-manager/api/download/status:0
[ 4896203ms] [ERROR] Failed to load resource: net::ERR_CONNECTION_TIMED_OUT @ http://localhost:8188/tiny-model-manager/api/reorganize/pending:0
[ 4898251ms] [ERROR] Failed to load resource: net::ERR_CONNECTION_TIMED_OUT @ http://localhost:8188/tiny-model-manager/api/download/status:0
[ 4898252ms] [ERROR] Failed to load resource: net::ERR_CONNECTION_TIMED_OUT @ http://localhost:8188/tiny-model-manager/api/reorganize/pending:0
[ 4900299ms] [ERROR] Failed to load resource: net::ERR_CONNECTION_TIMED_OUT @ http://localhost:8188/tiny-model-manager/api/download/status:0
[ 4900299ms] [ERROR] Failed to load resource: net::ERR_CONNECTION_TIMED_OUT @ http://localhost:8188/tiny-model-manager/api/reorganize/pending:0
[ 5031365ms] [ERROR] Failed to load resource: net::ERR_CONNECTION_TIMED_OUT @ http://localhost:8188/tiny-model-manager/api/download/status:0
[ 5031365ms] [ERROR] Failed to load resource: net::ERR_CONNECTION_TIMED_OUT @ http://localhost:8188/tiny-model-manager/api/reorganize/pending:0
[ 5033413ms] [ERROR] Failed to load resource: net::ERR_CONNECTION_TIMED_OUT @ http://localhost:8188/tiny-model-manager/api/download/status:0
[ 5033414ms] [ERROR] Failed to load resource: net::ERR_CONNECTION_TIMED_OUT @ http://localhost:8188/tiny-model-manager/api/reorganize/pending:0
[ 5035461ms] [ERROR] Failed to load resource: net::ERR_CONNECTION_TIMED_OUT @ http://localhost:8188/tiny-model-manager/api/download/status:0
[ 5035461ms] [ERROR] Failed to load resource: net::ERR_CONNECTION_TIMED_OUT @ http://localhost:8188/tiny-model-manager/api/reorganize/pending:0
[ 5164480ms] [ERROR] Failed to load resource: net::ERR_CONNECTION_TIMED_OUT @ http://localhost:8188/tiny-model-manager/api/download/status:0
[ 5164480ms] [ERROR] Failed to load resource: net::ERR_CONNECTION_TIMED_OUT @ http://localhost:8188/tiny-model-manager/api/reorganize/pending:0
[ 5166526ms] [ERROR] Failed to load resource: net::ERR_CONNECTION_TIMED_OUT @ http://localhost:8188/tiny-model-manager/api/download/status:0
[ 5166527ms] [ERROR] Failed to load resource: net::ERR_CONNECTION_TIMED_OUT @ http://localhost:8188/tiny-model-manager/api/reorganize/pending:0
[ 5168574ms] [ERROR] Failed to load resource: net::ERR_CONNECTION_TIMED_OUT @ http://localhost:8188/tiny-model-manager/api/download/status:0
[ 5168574ms] [ERROR] Failed to load resource: net::ERR_CONNECTION_TIMED_OUT @ http://localhost:8188/tiny-model-manager/api/reorganize/pending:0
[ 5299640ms] [ERROR] Failed to load resource: net::ERR_CONNECTION_TIMED_OUT @ http://localhost:8188/tiny-model-manager/api/download/status:0
[ 5299640ms] [ERROR] Failed to load resource: net::ERR_CONNECTION_TIMED_OUT @ http://localhost:8188/tiny-model-manager/api/reorganize/pending:0
[ 5301688ms] [ERROR] Failed to load resource: net::ERR_CONNECTION_TIMED_OUT @ http://localhost:8188/tiny-model-manager/api/download/status:0
[ 5301692ms] [ERROR] Failed to load resource: net::ERR_CONNECTION_TIMED_OUT @ http://localhost:8188/tiny-model-manager/api/reorganize/pending:0
[ 5303736ms] [ERROR] Failed to load resource: net::ERR_CONNECTION_TIMED_OUT @ http://localhost:8188/tiny-model-manager/api/download/status:0
[ 5303740ms] [ERROR] Failed to load resource: net::ERR_CONNECTION_TIMED_OUT @ http://localhost:8188/tiny-model-manager/api/reorganize/pending:0
[ 5434802ms] [ERROR] Failed to load resource: net::ERR_CONNECTION_TIMED_OUT @ http://localhost:8188/tiny-model-manager/api/download/status:0
[ 5434802ms] [ERROR] Failed to load resource: net::ERR_CONNECTION_TIMED_OUT @ http://localhost:8188/tiny-model-manager/api/reorganize/pending:0
[ 5438897ms] [ERROR] Failed to load resource: net::ERR_CONNECTION_TIMED_OUT @ http://localhost:8188/tiny-model-manager/api/download/status:0
[ 5438897ms] [ERROR] Failed to load resource: net::ERR_CONNECTION_TIMED_OUT @ http://localhost:8188/tiny-model-manager/api/reorganize/pending:0
[ 5440945ms] [ERROR] Failed to load resource: net::ERR_CONNECTION_TIMED_OUT @ http://localhost:8188/tiny-model-manager/api/download/status:0
[ 5440945ms] [ERROR] Failed to load resource: net::ERR_CONNECTION_TIMED_OUT @ http://localhost:8188/tiny-model-manager/api/reorganize/pending:0
[ 5569963ms] [ERROR] Failed to load resource: net::ERR_CONNECTION_TIMED_OUT @ http://localhost:8188/tiny-model-manager/api/download/status:0
[ 5569963ms] [ERROR] Failed to load resource: net::ERR_CONNECTION_TIMED_OUT @ http://localhost:8188/tiny-model-manager/api/reorganize/pending:0
[ 5574059ms] [ERROR] Failed to load resource: net::ERR_CONNECTION_TIMED_OUT @ http://localhost:8188/tiny-model-manager/api/download/status:0
[ 5574059ms] [ERROR] Failed to load resource: net::ERR_CONNECTION_TIMED_OUT @ http://localhost:8188/tiny-model-manager/api/reorganize/pending:0
[ 5576107ms] [ERROR] Failed to load resource: net::ERR_CONNECTION_TIMED_OUT @ http://localhost:8188/tiny-model-manager/api/download/status:0
[ 5576107ms] [ERROR] Failed to load resource: net::ERR_CONNECTION_TIMED_OUT @ http://localhost:8188/tiny-model-manager/api/reorganize/pending:0
[ 6295613ms] [ERROR] Failed to load resource: net::ERR_CONNECTION_REFUSED @ http://localhost:8188/tiny-model-manager/api/download/status:0
[ 6295629ms] [ERROR] Failed to load resource: net::ERR_CONNECTION_REFUSED @ http://localhost:8188/tiny-model-manager/api/reorganize/pending:0
[ 6297613ms] [ERROR] Failed to load resource: net::ERR_CONNECTION_REFUSED @ http://localhost:8188/tiny-model-manager/api/download/status:0
[ 6297629ms] [ERROR] Failed to load resource: net::ERR_CONNECTION_REFUSED @ http://localhost:8188/tiny-model-manager/api/reorganize/pending:0
[ 6813588ms] [ERROR] Failed to load resource: net::ERR_CONNECTION_REFUSED @ http://localhost:8188/tiny-model-manager/api/download/status:0
[ 6813604ms] [ERROR] Failed to load resource: net::ERR_CONNECTION_REFUSED @ http://localhost:8188/tiny-model-manager/api/reorganize/pending:0
[ 6815588ms] [ERROR] Failed to load resource: net::ERR_CONNECTION_REFUSED @ http://localhost:8188/tiny-model-manager/api/download/status:0
[ 6815604ms] [ERROR] Failed to load resource: net::ERR_CONNECTION_REFUSED @ http://localhost:8188/tiny-model-manager/api/reorganize/pending:0
[ 6817587ms] [ERROR] Failed to load resource: net::ERR_CONNECTION_REFUSED @ http://localhost:8188/tiny-model-manager/api/download/status:0
[ 6817603ms] [ERROR] Failed to load resource: net::ERR_CONNECTION_REFUSED @ http://localhost:8188/tiny-model-manager/api/reorganize/pending:0
