[     136ms] [ERROR] Failed to load resource: the server responded with a status of 404 (Not Found) @ http://localhost:8188/user.css:0
[     146ms] [ERROR] Failed to load resource: the server responded with a status of 404 (Not Found) @ http://localhost:8188/api/userdata/user.css:0
[     614ms] [WARNING] [ComfyUI] The legacy queue/history menu is deprecated. Core functionality in this menu may break at any time. Issues and feature requests related to the legacy menu will not be addressed. To switch to the new menu: Settings → search "Use new menu" → change from "Disabled" to "Top". @ http://localhost:8188/assets/dialogService-D6_DwdXo.js:161
[     614ms] [WARNING] [ComfyUI] The legacy queue/history menu is deprecated. Core functionality in this menu may break at any time. Issues and feature requests related to the legacy menu will not be addressed. To switch to the new menu: Settings → search "Use new menu" → change from "Disabled" to "Top". @ http://localhost:8188/assets/dialogService-D6_DwdXo.js:161
[     682ms] [ERROR] Failed to load resource: the server responded with a status of 404 (Not Found) @ http://localhost:8188/api/userdata?dir=workflows&recurse=true&split=false&full_info=true:0
[     809ms] [ERROR] Failed to load resource: the server responded with a status of 404 (Not Found) @ http://localhost:8188/favicon.ico:0
[     838ms] [ERROR] ComfyApp graph accessed before initialization @ http://localhost:8188/assets/dialogService-D6_DwdXo.js:177
[     864ms] [ERROR] Failed to load resource: the server responded with a status of 404 (Not Found) @ http://localhost:8188/api/userdata?dir=workflows&recurse=true&split=false&full_info=true:0
[     867ms] [ERROR] Failed to load resource: the server responded with a status of 404 (Not Found) @ http://localhost:8188/api/userdata?dir=subgraphs&recurse=true&split=false&full_info=true:0
[    1011ms] [ERROR] Failed to load resource: the server responded with a status of 404 (Not Found) @ http://localhost:8188/api/userdata/comfy.templates.json:0
[    1042ms] [ERROR] ERROR L: NG05104
    at il.selectRootElement (http://localhost:8188/extensions/comfyui-tiny-model-manager/main-EHPOZHSA.js:4:151113)
    at kM (http://localhost:8188/extensions/comfyui-tiny-model-manager/main-EHPOZHSA.js:4:58886)
    at as.createComponentRef (http://localhost:8188/extensions/comfyui-tiny-model-manager/main-EHPOZHSA.js:4:78353)
    at as.create (http://localhost:8188/extensions/comfyui-tiny-model-manager/main-EHPOZHSA.js:4:78189)
    at http://localhost:8188/extensions/comfyui-tiny-model-manager/main-EHPOZHSA.js:4:96697
    at da.run (http://localhost:8188/extensions/comfyui-tiny-model-manager/main-EHPOZHSA.js:4:20358)
    at e.bootstrapImpl (http://localhost:8188/extensions/comfyui-tiny-model-manager/main-EHPOZHSA.js:4:96406)
    at e.bootstrap (http://localhost:8188/extensions/comfyui-tiny-model-manager/main-EHPOZHSA.js:4:96328)
    at http://localhost:8188/extensions/comfyui-tiny-model-manager/main-EHPOZHSA.js:4:125714 @ http://localhost:8188/extensions/comfyui-tiny-model-manager/main-EHPOZHSA.js:3
[    1042ms] [ERROR] L: NG05104
    at il.selectRootElement (http://localhost:8188/extensions/comfyui-tiny-model-manager/main-EHPOZHSA.js:4:151113)
    at kM (http://localhost:8188/extensions/comfyui-tiny-model-manager/main-EHPOZHSA.js:4:58886)
    at as.createComponentRef (http://localhost:8188/extensions/comfyui-tiny-model-manager/main-EHPOZHSA.js:4:78353)
    at as.create (http://localhost:8188/extensions/comfyui-tiny-model-manager/main-EHPOZHSA.js:4:78189)
    at http://localhost:8188/extensions/comfyui-tiny-model-manager/main-EHPOZHSA.js:4:96697
    at da.run (http://localhost:8188/extensions/comfyui-tiny-model-manager/main-EHPOZHSA.js:4:20358)
    at e.bootstrapImpl (http://localhost:8188/extensions/comfyui-tiny-model-manager/main-EHPOZHSA.js:4:96406)
    at e.bootstrap (http://localhost:8188/extensions/comfyui-tiny-model-manager/main-EHPOZHSA.js:4:96328)
    at http://localhost:8188/extensions/comfyui-tiny-model-manager/main-EHPOZHSA.js:4:125714 @ http://localhost:8188/extensions/comfyui-tiny-model-manager/main-EHPOZHSA.js:8
[    1055ms] [WARNING] [MaskEditor] ComfyApp.open_maskeditor is deprecated. Plugins should migrate to using the command system or direct node context menu integration. @ http://localhost:8188/assets/core-DjPVgnK5.js:2
[    1115ms] [WARNING] [ConflictDetection] No installed packages available from useInstalledPacks @ http://localhost:8188/assets/useConflictDetection-DjmhziQq.js:3
